// Jest Snapshot v1, https://goo.gl/fbAQLP

exports[`UserManagement getAuthorizationUrl with a code_challenge and code_challenge_method generates an authorize url 1`] = `"https://api.workos.com/user_management/authorize?client_id=proj_123&code_challenge=code_challenge_value&code_challenge_method=S256&provider=authkit&redirect_uri=example.com%2Fauth%2Fworkos%2Fcallback&response_type=code"`;

exports[`UserManagement getAuthorizationUrl with a connectionId generates an authorize url with the connection 1`] = `"https://api.workos.com/user_management/authorize?client_id=proj_123&connection_id=connection_123&redirect_uri=example.com%2Fauth%2Fworkos%2Fcallback&response_type=code"`;

exports[`UserManagement getAuthorizationUrl with a custom api hostname generates an authorize url with the custom api hostname 1`] = `"https://api.workos.dev/user_management/authorize?client_id=proj_123&organization_id=organization_123&redirect_uri=example.com%2Fauth%2Fworkos%2Fcallback&response_type=code"`;

exports[`UserManagement getAuthorizationUrl with a provider generates an authorize url with the provider 1`] = `"https://api.workos.com/user_management/authorize?client_id=proj_123&provider=Google&redirect_uri=example.com%2Fauth%2Fworkos%2Fcallback&response_type=code"`;

exports[`UserManagement getAuthorizationUrl with a screenHint generates an authorize url with a screenHint 1`] = `"https://api.workos.com/user_management/authorize?client_id=proj_123&provider=authkit&redirect_uri=example.com%2Fauth%2Fworkos%2Fcallback&response_type=code&screen_hint=sign-up"`;

exports[`UserManagement getAuthorizationUrl with an organizationId generates an authorization URL with the organization 1`] = `"https://api.workos.com/user_management/authorize?client_id=proj_123&organization_id=organization_123&redirect_uri=example.com%2Fauth%2Fworkos%2Fcallback&response_type=code"`;

exports[`UserManagement getAuthorizationUrl with no custom api hostname generates an authorize url with the default api hostname 1`] = `"https://api.workos.com/user_management/authorize?client_id=proj_123&provider=Google&redirect_uri=example.com%2Fauth%2Fworkos%2Fcallback&response_type=code"`;

exports[`UserManagement getAuthorizationUrl with no domain or provider throws an error for incomplete arguments 1`] = `"Incomplete arguments. Need to specify either a 'connectionId', 'organizationId', or 'provider'."`;

exports[`UserManagement getAuthorizationUrl with state generates an authorize url with the provided state 1`] = `"https://api.workos.com/user_management/authorize?client_id=proj_123&organization_id=organization_123&redirect_uri=example.com%2Fauth%2Fworkos%2Fcallback&response_type=code&state=custom+state"`;
