// Jest Snapshot v1, https://goo.gl/fbAQLP

exports[`AuditLog createEvent when the api responds with a 422 throws an UnprocessableEntity 1`] = `
UnprocessableEntityException {
  "message": "The following requirements must be met:
	target_id must be a string
	occurred_at must be an ISO 8601 date string
",
  "name": "UnprocessableEntityException",
  "status": 422,
}
`;
